[demo.danurstrap.com/kallem/index.html]
[demo.danurstrap.com/kallem/ico/favicon.png]
[backblue.gif]
[fade.gif]
[index.html]
[demo.danurstrap.com/kallem/js/ie-emulation-modes-warning.js]
[demo.danurstrap.com/kallem/images/brand/logo.png]
[demo.danurstrap.com/kallem/index-2.html]
[demo.danurstrap.com/kallem/index2.html]
[demo.danurstrap.com/kallem/portfolio-3col.html]
[demo.danurstrap.com/kallem/portfolio-4col.html]
[demo.danurstrap.com/kallem/portfolio-space.html]
[demo.danurstrap.com/kallem/portfolio-line.html]
[demo.danurstrap.com/kallem/load/project/project01.html]
[demo.danurstrap.com/kallem/blog-masonry.html]
[demo.danurstrap.com/kallem/blog-sidebar.html]
[demo.danurstrap.com/kallem/singlepost.html]
[demo.danurstrap.com/kallem/about.html]
[demo.danurstrap.com/kallem/404.html]
[demo.danurstrap.com/kallem/typhography.html]
[demo.danurstrap.com/kallem/shortcodes.html]
[demo.danurstrap.com/kallem/widget.html]
[demo.danurstrap.com/kallem/contact-us.html]
[demo.danurstrap.com/kallem/images/portfolio/column/img01.jpg]
[demo.danurstrap.com/kallem/images/portfolio/detail/img01.jpg]
[demo.danurstrap.com/kallem/images/portfolio/column/img02.jpg]
[demo.danurstrap.com/kallem/load/project/project02.html]
[demo.danurstrap.com/kallem/images/portfolio/detail/img02.jpg]
[demo.danurstrap.com/kallem/images/portfolio/column/img03.jpg]
[demo.danurstrap.com/kallem/load/project/project03.html]
[demo.danurstrap.com/kallem/images/portfolio/detail/img03.jpg]
[demo.danurstrap.com/kallem/images/portfolio/column/img04.jpg]
[demo.danurstrap.com/kallem/load/project/project04.html]
[demo.danurstrap.com/kallem/images/portfolio/detail/img04.jpg]
[demo.danurstrap.com/kallem/images/portfolio/column/img05.jpg]
[demo.danurstrap.com/kallem/load/project/project05.html]
[demo.danurstrap.com/kallem/images/portfolio/detail/img05.jpg]
[demo.danurstrap.com/kallem/images/portfolio/column/img06.jpg]
[demo.danurstrap.com/kallem/load/project/project06.html]
[demo.danurstrap.com/kallem/images/portfolio/detail/img06.jpg]
[demo.danurstrap.com/kallem/images/portfolio/column/img07.jpg]
[demo.danurstrap.com/kallem/load/project/project07.html]
[demo.danurstrap.com/kallem/images/portfolio/detail/img07.jpg]
[demo.danurstrap.com/kallem/images/portfolio/column/img08.jpg]
[demo.danurstrap.com/kallem/load/project/project08.html]
[demo.danurstrap.com/kallem/images/portfolio/detail/img08.jpg]
[demo.danurstrap.com/kallem/images/portfolio/column/img09.jpg]
[demo.danurstrap.com/kallem/load/project/project09.html]
[demo.danurstrap.com/kallem/images/portfolio/detail/img09.jpg]
[demo.danurstrap.com/kallem/images/portfolio/column/img10.jpg]
[demo.danurstrap.com/kallem/load/project/project10.html]
[demo.danurstrap.com/kallem/images/portfolio/detail/img10.jpg]
[demo.danurstrap.com/kallem/images/portfolio/column/img11.jpg]
[demo.danurstrap.com/kallem/load/project/project11.html]
[demo.danurstrap.com/kallem/images/portfolio/detail/img11.jpg]
[demo.danurstrap.com/kallem/load/json/4col/grid2.json]
[demo.danurstrap.com/kallem/images/default.png]
[demo.danurstrap.com/kallem/images/orange.png]
[demo.danurstrap.com/kallem/images/orange2.png]
[demo.danurstrap.com/kallem/images/red.png]
[demo.danurstrap.com/kallem/images/yellow.png]
[demo.danurstrap.com/kallem/js/jquery.min.js]
[demo.danurstrap.com/kallem/js/bootstrap.min.js]
[demo.danurstrap.com/kallem/js/ie10-viewport-bug-workaround.js]
[demo.danurstrap.com/kallem/js/jquery.easing-1.3.min.js]
[demo.danurstrap.com/kallem/js/masonry/masonry-3.1.4.js]
[demo.danurstrap.com/kallem/js/masonry/masonry.filter.js]
[demo.danurstrap.com/kallem/js/infinitecroll/jquery.infinitescroll.js]
[demo.danurstrap.com/kallem/js/nicescroll/jquery.nicescroll.min.js]
[demo.danurstrap.com/kallem/js/hcsticky/jquery.hc-sticky.min.js]
[demo.danurstrap.com/kallem/js/ticker/ticker.js]
[demo.danurstrap.com/kallem/js/tweecool/tweecool.js]
[demo.danurstrap.com/kallem/js/owl/owl.carousel.min.js]
[demo.danurstrap.com/kallem/js/validation/jquery.validate.min.js]
[demo.danurstrap.com/kallem/js/jssor-slider/jssor.slider.min.js]
[demo.danurstrap.com/kallem/js/lightbox/simple-lightbox.js]
[demo.danurstrap.com/kallem/js/prettymaps/prettymaps.js]
[demo.danurstrap.com/kallem/js/kallem.script.js]
[demo.danurstrap.com/kallem/index.html]
[demo.danurstrap.com/kallem/css/bootstrap.min.css]
[demo.danurstrap.com/kallem/css/overwrite.css]
[demo.danurstrap.com/kallem/fonts/raleway/raleway-black-webfont.eot]
[demo.danurstrap.com/kallem/fonts/raleway/raleway-black-webfont.woff]
[demo.danurstrap.com/kallem/fonts/raleway/raleway-black-webfontd41d.eot]
[demo.danurstrap.com/kallem/fonts/raleway/raleway-black-webfont.ttf]
[demo.danurstrap.com/kallem/fonts/raleway/raleway-bold-webfont.eot]
[demo.danurstrap.com/kallem/fonts/raleway/raleway-bold-webfontd41d.eot]
[demo.danurstrap.com/kallem/fonts/raleway/raleway-bold-webfont.woff]
[demo.danurstrap.com/kallem/fonts/raleway/raleway-bold-webfont.ttf]
[demo.danurstrap.com/kallem/fonts/raleway/raleway-regular-webfont.eot]
[demo.danurstrap.com/kallem/fonts/raleway/raleway-regular-webfontd41d.eot]
[demo.danurstrap.com/kallem/fonts/raleway/raleway-regular-webfont.woff]
[demo.danurstrap.com/kallem/fonts/raleway/raleway-regular-webfont.ttf]
[demo.danurstrap.com/kallem/fonts/raleway/raleway-thin-webfont.eot]
[demo.danurstrap.com/kallem/fonts/raleway/raleway-thin-webfontd41d.eot]
[demo.danurstrap.com/kallem/fonts/raleway/raleway-thin-webfont.woff]
[demo.danurstrap.com/kallem/fonts/raleway/raleway-thin-webfont.ttf]
[demo.danurstrap.com/kallem/fonts/raleway/stylesheet.css]
[demo.danurstrap.com/kallem/fonts/FontAwesome/fontawesome-webfont3295.eot]
[demo.danurstrap.com/kallem/fonts/FontAwesome/fontawesome-webfontd41d.eot]
[demo.danurstrap.com/kallem/fonts/FontAwesome/fontawesome-webfont3295.woff]
[demo.danurstrap.com/kallem/fonts/FontAwesome/fontawesome-webfont3295.ttf]
[demo.danurstrap.com/kallem/fonts/FontAwesome/font-awesome.css]
[demo.danurstrap.com/kallem/css/owl/owl.carousel.css]
[demo.danurstrap.com/kallem/css/owl/grabbing.png]
[demo.danurstrap.com/kallem/css/owl/AjaxLoader.gif]
[demo.danurstrap.com/kallem/css/owl/owl.theme.css]
[demo.danurstrap.com/kallem/css/owl/owl.transitions.css]
[demo.danurstrap.com/kallem/css/animate.css]
[demo.danurstrap.com/kallem/css/masonry.css]
[demo.danurstrap.com/kallem/css/jssor-slider.css]
[demo.danurstrap.com/kallem/css/simplelightbox.css]
[demo.danurstrap.com/kallem/images/bg/asfalt-dark.png]
[demo.danurstrap.com/kallem/images/tool/play.png]
[demo.danurstrap.com/kallem/images/bg/robot.jpg]
[demo.danurstrap.com/kallem/css/style.css]
[demo.danurstrap.com/kallem/skins/default.css]
[demo.danurstrap.com/kallem/index-2.html]
[demo.danurstrap.com/kallem/images/slider/img03.jpg]
[demo.danurstrap.com/kallem/images/slider/img04.jpg]
[demo.danurstrap.com/kallem/images/slider/img05.jpg]
[demo.danurstrap.com/kallem/images/portfolio/column/img13.jpg]
[demo.danurstrap.com/kallem/load/project/project13.html]
[demo.danurstrap.com/kallem/images/portfolio/detail/img13.jpg]
[demo.danurstrap.com/kallem/index2.html]
[demo.danurstrap.com/kallem/load/json/3col/grid2.json]
[demo.danurstrap.com/kallem/portfolio-3col.html]
[demo.danurstrap.com/kallem/portfolio-4col.html]
[demo.danurstrap.com/kallem/portfolio-space.html]
[demo.danurstrap.com/kallem/images/portfolio/line/img01.jpg]
[demo.danurstrap.com/kallem/images/portfolio/line/img02.jpg]
[demo.danurstrap.com/kallem/images/portfolio/line/img03.jpg]
[demo.danurstrap.com/kallem/images/portfolio/line/img04.jpg]
[demo.danurstrap.com/kallem/images/portfolio/line/img05.jpg]
[demo.danurstrap.com/kallem/images/portfolio/line/img06.jpg]
[demo.danurstrap.com/kallem/images/portfolio/line/img07.jpg]
[demo.danurstrap.com/kallem/images/portfolio/line/img08.jpg]
[demo.danurstrap.com/kallem/images/portfolio/line/img09.jpg]
[demo.danurstrap.com/kallem/images/portfolio/line/img10.jpg]
[demo.danurstrap.com/kallem/images/portfolio/line/img11.jpg]
[demo.danurstrap.com/kallem/images/portfolio/line/img12.jpg]
[demo.danurstrap.com/kallem/load/project/project12.html]
[demo.danurstrap.com/kallem/images/portfolio/line/img13.jpg]
[demo.danurstrap.com/kallem/images/portfolio/line/img14.jpg]
[demo.danurstrap.com/kallem/load/project/project14.html]
[demo.danurstrap.com/kallem/portfolio-line.html]
[demo.danurstrap.com/kallem/load/project/project01.html]
[demo.danurstrap.com/kallem/images/blog/blog2/img01.jpg]
[demo.danurstrap.com/kallem/images/blog/blog2/img02.jpg]
[demo.danurstrap.com/kallem/images/blog/blog2/img03.jpg]
[demo.danurstrap.com/kallem/images/blog/blog2/img04.jpg]
[demo.danurstrap.com/kallem/images/blog/blog2/img05.jpg]
[demo.danurstrap.com/kallem/load/html/blog-masonry/blog2.html]
[demo.danurstrap.com/kallem/blog-masonry.html]
[demo.danurstrap.com/kallem/images/blog/blog3/img01.jpg]
[demo.danurstrap.com/kallem/images/blog/blog3/img02.jpg]
[demo.danurstrap.com/kallem/images/blog/blog3/img03.jpg]
[demo.danurstrap.com/kallem/images/blog/blog3/img04.jpg]
[demo.danurstrap.com/kallem/images/blog/blog3/img05.jpg]
[demo.danurstrap.com/kallem/load/html/blog/blog2.html]
[demo.danurstrap.com/kallem/images/blog/recent/recent02.jpg]
[demo.danurstrap.com/kallem/images/blog/recent/recent01.jpg]
[demo.danurstrap.com/kallem/images/blog/recent/recent03.jpg]
[demo.danurstrap.com/kallem/blog-sidebar.html]
[demo.danurstrap.com/kallem/images/blog/recent/post01.jpg]
[demo.danurstrap.com/kallem/images/blog/recent/post02.jpg]
[demo.danurstrap.com/kallem/images/people/author.jpg]
[demo.danurstrap.com/kallem/images/people/img01.jpg]
[demo.danurstrap.com/kallem/images/people/img03.jpg]
[demo.danurstrap.com/kallem/images/people/img02.jpg]
[demo.danurstrap.com/kallem/images/people/img04.jpg]
[demo.danurstrap.com/kallem/singlepost.html]
[demo.danurstrap.com/kallem/images/about/img01.jpg]
[demo.danurstrap.com/kallem/images/about/imac.png]
[demo.danurstrap.com/kallem/about.html]
[demo.danurstrap.com/kallem/404.html]
[demo.danurstrap.com/kallem/typhography.html]
[demo.danurstrap.com/kallem/shortcodes.html]
[demo.danurstrap.com/kallem/widget.html]
[demo.danurstrap.com/kallem/contact-us.html]
[demo.danurstrap.com/kallem/load/project/project02.html]
[demo.danurstrap.com/kallem/load/project/project03.html]
[demo.danurstrap.com/kallem/load/project/project04.html]
[demo.danurstrap.com/kallem/load/project/project05.html]
[demo.danurstrap.com/kallem/load/project/project06.html]
[demo.danurstrap.com/kallem/load/project/project07.html]
[demo.danurstrap.com/kallem/load/project/project08.html]
[demo.danurstrap.com/kallem/load/project/project09.html]
[demo.danurstrap.com/kallem/load/project/project10.html]
[demo.danurstrap.com/kallem/images/portfolio/detail/img12.jpg]
[demo.danurstrap.com/kallem/load/project/project11.html]
[demo.danurstrap.com/kallem/images/bg/bright-squares.png]
[demo.danurstrap.com/kallem/skins/orange.css]
[demo.danurstrap.com/kallem/images/bg/sidebar.jpg]
[demo.danurstrap.com/kallem/skins/orange2.css]
[demo.danurstrap.com/kallem/skins/red.css]
[demo.danurstrap.com/kallem/skins/yellow.css]
[demo.danurstrap.com/kallem/fonts/raleway/raleway-black-webfont.html]
[demo.danurstrap.com/kallem/fonts/raleway/raleway-black-webfont.svg]
[demo.danurstrap.com/kallem/fonts/raleway/raleway-bold-webfont.html]
[demo.danurstrap.com/kallem/fonts/raleway/raleway-bold-webfont.svg]
[demo.danurstrap.com/kallem/fonts/raleway/raleway-regular-webfont.html]
[demo.danurstrap.com/kallem/fonts/raleway/raleway-regular-webfont.svg]
[demo.danurstrap.com/kallem/fonts/raleway/raleway-thin-webfont.html]
[demo.danurstrap.com/kallem/fonts/raleway/raleway-thin-webfont.svg]
[demo.danurstrap.com/kallem/fonts/FontAwesome/fontawesome-webfont3295.html]
[demo.danurstrap.com/kallem/fonts/FontAwesome/fontawesome-webfont3295.svg]
[demo.danurstrap.com/kallem/load/project/project13.html]
[demo.danurstrap.com/kallem/load/project/project12.html]
[demo.danurstrap.com/kallem/images/portfolio/detail/img14.jpg]
[demo.danurstrap.com/kallem/load/project/project14.html]
[demo.danurstrap.com/kallem/images/blog/blog2/img06.jpg]
[demo.danurstrap.com/kallem/images/blog/blog2/img07.jpg]
[demo.danurstrap.com/kallem/images/blog/blog2/img08.jpg]
[demo.danurstrap.com/kallem/images/blog/blog2/img09.jpg]
[demo.danurstrap.com/kallem/images/blog/blog2/img10.jpg]
[demo.danurstrap.com/kallem/load/html/blog-masonry/blog2.html]
[demo.danurstrap.com/kallem/images/blog/blog3/img06.jpg]
[demo.danurstrap.com/kallem/images/blog/blog3/img07.jpg]
[demo.danurstrap.com/kallem/load/html/blog/blog2.html]
[demo.danurstrap.com/kallem/fonts/glyphicons-halflings-regular.html]
[demo.danurstrap.com/kallem/fonts/glyphicons-halflings-regulard41d.html]
[demo.danurstrap.com/kallem/fonts/glyphicons-halflings-regular-2.html]
[demo.danurstrap.com/kallem/fonts/glyphicons-halflings-regular-3.html]
[demo.danurstrap.com/kallem/fonts/glyphicons-halflings-regular-4.html]
[demo.danurstrap.com/kallem/fonts/glyphicons-halflings-regular-5.html]
[demo.danurstrap.com/kallem/load/html/blog-masonry/load/html/blog2/blog3.html]
[demo.danurstrap.com/kallem/load/html/blog/load/html/blog/blog3.html]
