[backblue.gif]
[fade.gif]
[index.html]
[hastech.company/tf/academia-preview/academia/img/favicon.ico]
[allfont.net/allfont.2348c.delayed]
[hastech.company/tf/academia-preview/academia/js/vendor/modernizr-2.8.3.min.js]
[hastech.company/tf/academia-preview/academia/img/logo.png]
[hastech.company/tf/academia-preview/academia/img/home1/s1.jpg]
[hastech.company/tf/academia-preview/academia/img/home1/s2.jpg]
[hastech.company/tf/academia-preview/academia/img/home1/s3.jpg]
[hastech.company/tf/academia-preview/academia/img/home1/s4.jpg]
[hastech.company/tf/academia-preview/academia/img/home1/s5.jpg]
[hastech.company/tf/academia-preview/academia/img/home1/course/1.jpg]
[hastech.company/tf/academia-preview/academia/img/home1/course/2.jpg]
[hastech.company/tf/academia-preview/academia/img/home1/course/3.jpg]
[hastech.company/tf/academia-preview/academia/img/home1/course/4.jpg]
[hastech.company/tf/academia-preview/academia/img/home1/team/1.jpg]
[hastech.company/tf/academia-preview/academia/img/home1/team/2.jpg]
[hastech.company/tf/academia-preview/academia/img/home1/team/3.jpg]
[hastech.company/tf/academia-preview/academia/img/home1/team/4.jpg]
[hastech.company/tf/academia-preview/academia/img/home1/team/5.jpg]
[hastech.company/tf/academia-preview/academia/img/home1/team/6.jpg]
[hastech.company/tf/academia-preview/academia/img/home1/team/7.jpg]
[hastech.company/tf/academia-preview/academia/img/home1/team/8.jpg]
[hastech.company/tf/academia-preview/academia/img/home1/news/1.jpg]
[hastech.company/tf/academia-preview/academia/img/home1/news/2.jpg]
[hastech.company/tf/academia-preview/academia/img/home1/news/3.jpg]
[hastech.company/tf/academia-preview/academia/img/home1/news/4.jpg]
[hastech.company/tf/academia-preview/academia/img/home1/news/5.jpg]
[hastech.company/tf/academia-preview/academia/img/logo-white.png]
[hastech.company/tf/academia-preview/academia/img/home1/camp-1.jpg]
[hastech.company/tf/academia-preview/academia/img/home1/camp-2.jpg]
[hastech.company/tf/academia-preview/academia/js/vendor/jquery-1.11.3.min.js]
[hastech.company/tf/academia-preview/academia/js/bootstrap.min.js]
[hastech.company/tf/academia-preview/academia/js/wow.min.js]
[hastech.company/tf/academia-preview/academia/js/jquery.nivo.slider.pack.js]
[hastech.company/tf/academia-preview/academia/js/jquery.meanmenu.min.js]
[hastech.company/tf/academia-preview/academia/js/owl.carousel.min.js]
[hastech.company/tf/academia-preview/academia/js/jquery.scrollUp.min.js]
[hastech.company/tf/academia-preview/academia/js/atvImg-min.js]
[hastech.company/tf/academia-preview/academia/venobox/venobox.min.js]
[hastech.company/tf/academia-preview/academia/js/plugins.js]
[hastech.company/tf/academia-preview/academia/js/main.js]
[hastech.company/tf/academia-preview/academia/index.html]
[allfont.net/cache/css/montserrat-light.css]
[hastech.company/tf/academia-preview/academia/style.css]
[hastech.company/tf/academia-preview/academia/img/home2/logo-white.png]
[hastech.company/tf/academia-preview/academia/img/home2/testimonial-1.png]
[hastech.company/tf/academia-preview/academia/img/home2/testimonial-2.png]
[hastech.company/tf/academia-preview/academia/img/home2/testimonial-3.png]
[hastech.company/tf/academia-preview/academia/img/home1/course/5.jpg]
[hastech.company/tf/academia-preview/academia/img/home1/course/6.jpg]
[hastech.company/tf/academia-preview/academia/index-2.html]
[hastech.company/tf/academia-preview/academia/img/home1/book/3.png]
[hastech.company/tf/academia-preview/academia/img/home1/book/2.png]
[hastech.company/tf/academia-preview/academia/img/home3/icon.png]
[hastech.company/tf/academia-preview/academia/index-3.html]
[hastech.company/tf/academia-preview/academia/index-4.html]
[hastech.company/tf/academia-preview/academia/courses-item-1.html]
[hastech.company/tf/academia-preview/academia/courses-item-2.html]
[hastech.company/tf/academia-preview/academia/img/tutor-1.jpg]
[hastech.company/tf/academia-preview/academia/img/tutor-2.jpg]
[hastech.company/tf/academia-preview/academia/img/tutor-3.jpg]
[hastech.company/tf/academia-preview/academia/img/tutor-4.jpg]
[hastech.company/tf/academia-preview/academia/img/home2/video-img-2.jpg]
[hastech.company/tf/academia-preview/academia/single-courses.html]
[hastech.company/tf/academia-preview/academia/faq.html]
[hastech.company/tf/academia-preview/academia/login.html]
[hastech.company/tf/academia-preview/academia/img/home1/protfolio/1.jpg]
[hastech.company/tf/academia-preview/academia/img/home1/protfolio/2.jpg]
[hastech.company/tf/academia-preview/academia/img/home1/protfolio/3.jpg]
[hastech.company/tf/academia-preview/academia/img/home1/protfolio/4.jpg]
[hastech.company/tf/academia-preview/academia/img/home1/protfolio/5.jpg]
[hastech.company/tf/academia-preview/academia/img/home1/protfolio/6.jpg]
[hastech.company/tf/academia-preview/academia/gellary.html]
[hastech.company/tf/academia-preview/academia/img/home1/about1.jpg]
[hastech.company/tf/academia-preview/academia/about-page.html]
[hastech.company/tf/academia-preview/academia/news-bulletin.html]
[hastech.company/tf/academia-preview/academia/registration.html]
[hastech.company/tf/academia-preview/academia/contract.html]
[hastech.company/tf/academia-preview/academia/img/404.png]
[hastech.company/tf/academia-preview/academia/404.html]
[hastech.company/tf/academia-preview/academia/store.html]
[hastech.company/tf/academia-preview/academia/blog.html]
[hastech.company/tf/academia-preview/academia/single-store.html]
[hastech.company/tf/academia-preview/academia/single-blog.html]
[hastech.company/tf/academia-preview/academia/fonts/Linearicons-Free54e9.eot]
[hastech.company/tf/academia-preview/academia/fonts/Linearicons-Freed41d.eot]
[hastech.company/tf/academia-preview/academia/fonts/Linearicons-Free54e9.woff]
[hastech.company/tf/academia-preview/academia/fonts/Linearicons-Free54e9.ttf]
[hastech.company/tf/academia-preview/academia/css/linearfont.css]
[hastech.company/tf/academia-preview/academia/fonts/glyphicons-halflings-regular.eot]
[hastech.company/tf/academia-preview/academia/fonts/glyphicons-halflings-regulard41d.eot]
[hastech.company/tf/academia-preview/academia/fonts/glyphicons-halflings-regular.woff]
[hastech.company/tf/academia-preview/academia/fonts/glyphicons-halflings-regular.ttf]
[hastech.company/tf/academia-preview/academia/css/bootstrap.min.css]
[hastech.company/tf/academia-preview/academia/css/meanmenu.min.css]
[hastech.company/tf/academia-preview/academia/fonts/fontawesome-webfont78ce.eot]
[hastech.company/tf/academia-preview/academia/fonts/fontawesome-webfontd41d.eot]
[hastech.company/tf/academia-preview/academia/fonts/fontawesome-webfont78ce.woff]
[hastech.company/tf/academia-preview/academia/fonts/fontawesome-webfont78ce.ttf]
[hastech.company/tf/academia-preview/academia/css/font-awesome.min.css]
[hastech.company/tf/academia-preview/academia/css/owl.carousel.css]
[hastech.company/tf/academia-preview/academia/css/owl.theme.css]
[hastech.company/tf/academia-preview/academia/css/owl.transitions.css]
[hastech.company/tf/academia-preview/academia/css/animate.css]
[hastech.company/tf/academia-preview/academia/css/normalize.css]
[hastech.company/tf/academia-preview/academia/css/nivo-slider.css]
[hastech.company/tf/academia-preview/academia/venobox/preload-circle.png]
[hastech.company/tf/academia-preview/academia/venobox/close.gif]
[hastech.company/tf/academia-preview/academia/venobox/prev.gif]
[hastech.company/tf/academia-preview/academia/venobox/next.gif]
[hastech.company/tf/academia-preview/academia/venobox/venobox.css]
[hastech.company/tf/academia-preview/academia/css/main.css]
[hastech.company/tf/academia-preview/academia/img/video-img-1.jpg]
[hastech.company/tf/academia-preview/academia/img/transparent-back-1.png]
[hastech.company/tf/academia-preview/academia/img/home1/team/action-bg.jpg]
[hastech.company/tf/academia-preview/academia/img/home3/banner-bg.png]
[hastech.company/tf/academia-preview/academia/img/home2/transparent-back-2.png]
[hastech.company/tf/academia-preview/academia/img/home2/bg2.jpg]
[hastech.company/tf/academia-preview/academia/img/home3/slide1.jpg]
[hastech.company/tf/academia-preview/academia/img/home3/offer3.jpg]
[hastech.company/tf/academia-preview/academia/img/home3/campaign.png]
[hastech.company/tf/academia-preview/academia/img/home1/about.jpg]
[hastech.company/tf/academia-preview/academia/img/bg_2.png]
[hastech.company/tf/academia-preview/academia/css/style.css]
[hastech.company/tf/academia-preview/academia/css/responsive.css]
[hastech.company/tf/academia-preview/academia/video.html]
[hastech.company/tf/academia-preview/academia/single-news-bulletin.html]
[hastech.company/tf/academia-preview/academia/ingle-blog.html]
[hastech.company/tf/academia-preview/academia/fonts/Linearicons-Free54e9.html]
[hastech.company/tf/academia-preview/academia/fonts/Linearicons-Free54e9.svg]
[hastech.company/tf/academia-preview/academia/fonts/glyphicons-halflings-regular.html]
[hastech.company/tf/academia-preview/academia/fonts/glyphicons-halflings-regular.svg]
[hastech.company/tf/academia-preview/academia/fonts/fontawesome-webfont78ce.svg]
[hastech.company/tf/academia-preview/academia/css/grabbing.html]
[hastech.company/tf/academia-preview/academia/css/AjaxLoader.html]
[hastech.company/tf/academia-preview/academia/css/img/home3/campaign.html]
