[devitems.com/html/espone-preview/espone/index.html]
[backblue.gif]
[fade.gif]
[index.html]
[devitems.com/html/espone-preview/espone/img/favicon.ico]
[devitems.com/html/espone-preview/espone/css/bootstrap.min.css]
[devitems.com/html/espone-preview/espone/css/animate.css]
[devitems.com/html/espone-preview/espone/slider/css/nivo-slider.css]
[devitems.com/html/espone-preview/espone/slider/css/preview.css]
[devitems.com/html/espone-preview/espone/css/jquery-ui.min.css]
[devitems.com/html/espone-preview/espone/css/meanmenu.min.css]
[devitems.com/html/espone-preview/espone/css/owl.carousel.css]
[devitems.com/html/espone-preview/espone/css/font-awesome.min.css]
[devitems.com/html/espone-preview/espone/style.css]
[devitems.com/html/espone-preview/espone/css/responsive.css]
[devitems.com/html/espone-preview/espone/js/vendor/modernizr-2.8.3.min.js]
[devitems.com/html/espone-preview/espone/my-account.html]
[devitems.com/html/espone-preview/espone/checkout.html]
[devitems.com/html/espone-preview/espone/img/logo/logo.png]
[devitems.com/html/espone-preview/espone/index-2.html]
[devitems.com/html/espone-preview/espone/index-3.html]
[devitems.com/html/espone-preview/espone/index-4.html]
[devitems.com/html/espone-preview/espone/shop.html]
[devitems.com/html/espone-preview/espone/blog.html]
[devitems.com/html/espone-preview/espone/blog-left-sidebar.html]
[devitems.com/html/espone-preview/espone/blog-right-sidebar.html]
[devitems.com/html/espone-preview/espone/blog-no-sidebar.html]
[devitems.com/html/espone-preview/espone/single-blog.html]
[devitems.com/html/espone-preview/espone/my-wishlist-2.html]
[devitems.com/html/espone-preview/espone/shop-left-sidebar.html]
[devitems.com/html/espone-preview/espone/shop-right-sidebar.html]
[devitems.com/html/espone-preview/espone/shop-no-sidebar.html]
[devitems.com/html/espone-preview/espone/single-product.html]
[devitems.com/html/espone-preview/espone/cart.html]
[devitems.com/html/espone-preview/espone/404.html]
[devitems.com/html/espone-preview/espone/contact.html]
[devitems.com/html/espone-preview/espone/img/topcart/1.jpg]
[devitems.com/html/espone-preview/espone/img/topcart/2.jpg]
[devitems.com/html/espone-preview/espone/img/slider/home-1/home1_slider1.jpg]
[devitems.com/html/espone-preview/espone/img/slider/home-1/home1_slider2.jpg]
[devitems.com/html/espone-preview/espone/img/product/product-img/19.jpg]
[devitems.com/html/espone-preview/espone/img/product/product-img/4.3.jpg]
[devitems.com/html/espone-preview/espone/img/product/product-img/20_1.jpg]
[devitems.com/html/espone-preview/espone/img/product/product-img/2_1.jpg]
[devitems.com/html/espone-preview/espone/img/product/product-img/3.jpg]
[devitems.com/html/espone-preview/espone/img/test/avata1.jpg]
[devitems.com/html/espone-preview/espone/img/product/tab-product/1.jpg]
[devitems.com/html/espone-preview/espone/img/product/tab-product/10_1.jpg]
[devitems.com/html/espone-preview/espone/img/product/tab-product/13_2.jpg]
[devitems.com/html/espone-preview/espone/img/product/tab-product/15_1.jpg]
[devitems.com/html/espone-preview/espone/img/product/tab-product/19.jpg]
[devitems.com/html/espone-preview/espone/img/product/tab-product/23_2.jpg]
[devitems.com/html/espone-preview/espone/img/product/tab-product/2_1.jpg]
[devitems.com/html/espone-preview/espone/img/product/tab-product/6.jpg]
[devitems.com/html/espone-preview/espone/img/product/tab-product/7.jpg]
[devitems.com/html/espone-preview/espone/img/banner/1.jpg]
[devitems.com/html/espone-preview/espone/img/banner/2.jpg]
[devitems.com/html/espone-preview/espone/img/banner/3.jpg]
[devitems.com/html/espone-preview/espone/img/product/product-img/4.jpg]
[devitems.com/html/espone-preview/espone/img/product/product-img/5.jpg]
[devitems.com/html/espone-preview/espone/img/product/product-img/7.jpg]
[devitems.com/html/espone-preview/espone/img/product/product-img/8.jpg]
[devitems.com/html/espone-preview/espone/img/banner/static_img4.jpg]
[devitems.com/html/espone-preview/espone/img/banner/static_img5.jpg]
[devitems.com/html/espone-preview/espone/img/product/product-img/23_2.jpg]
[devitems.com/html/espone-preview/espone/img/product/product-img/9.jpg]
[devitems.com/html/espone-preview/espone/img/blog/blog1_1.jpg]
[devitems.com/html/espone-preview/espone/img/blog/blog2_1.jpg]
[devitems.com/html/espone-preview/espone/img/blog/blog3_1.jpg]
[devitems.com/html/espone-preview/espone/img/brand/br1.jpg]
[devitems.com/html/espone-preview/espone/img/brand/br2.jpg]
[devitems.com/html/espone-preview/espone/img/brand/br3.jpg]
[devitems.com/html/espone-preview/espone/img/brand/br4.jpg]
[devitems.com/html/espone-preview/espone/img/brand/br5.jpg]
[devitems.com/html/espone-preview/espone/img/brand/br6.jpg]
[devitems.com/html/espone-preview/espone/img/about/about_us.jpg]
[devitems.com/html/espone-preview/espone/img/tweet/sMv5yar__normal.png]
[devitems.com/html/espone-preview/espone/img/payment/payment.png]
[devitems.com/html/espone-preview/espone/img/product/quickview.jpg]
[devitems.com/html/espone-preview/espone/js/vendor/jquery-1.12.0.min.js]
[devitems.com/html/espone-preview/espone/js/bootstrap.min.js]
[devitems.com/html/espone-preview/espone/js/owl.carousel.min.js]
[devitems.com/html/espone-preview/espone/js/jquery.meanmenu.js]
[devitems.com/html/espone-preview/espone/js/jquery-ui.min.js]
[devitems.com/html/espone-preview/espone/slider/js/jquery.nivo.slider.js]
[devitems.com/html/espone-preview/espone/slider/home.js]
[devitems.com/html/espone-preview/espone/js/wow.min.js]
[devitems.com/html/espone-preview/espone/js/countdown.js]
[devitems.com/html/espone-preview/espone/js/jquery.fancybox.pack.js]
[devitems.com/html/espone-preview/espone/js/jquery.elevateZoom-3.0.8.min.js]
[devitems.com/html/espone-preview/espone/js/plugins.js]
[devitems.com/html/espone-preview/espone/js/main.js]
[devitems.com/html/espone-preview/espone/index.html]
[devitems.com/html/espone-preview/espone/favicon.html]
[devitems.com/html/espone-preview/espone/apple-touch-icon.html]
[devitems.com/html/espone-preview/espone/css/bootstrap.min.css]
[devitems.com/html/espone-preview/espone/css/animate.css]
[devitems.com/html/espone-preview/espone/slider/css/nivo-slider.css]
[devitems.com/html/espone-preview/espone/slider/img/loading.gif]
[devitems.com/html/espone-preview/espone/slider/img/bullets.png]
[devitems.com/html/espone-preview/espone/slider/img/arrows.png]
[devitems.com/html/espone-preview/espone/slider/css/preview.css]
[devitems.com/html/espone-preview/espone/css/jquery-ui.min.css]
[devitems.com/html/espone-preview/espone/css/meanmenu.min.css]
[devitems.com/html/espone-preview/espone/css/grabbing.png]
[devitems.com/html/espone-preview/espone/css/owl.carousel.css]
[devitems.com/html/espone-preview/espone/fonts/fontawesome-webfont3295.eot]
[devitems.com/html/espone-preview/espone/fonts/fontawesome-webfontd41d.eot]
[devitems.com/html/espone-preview/espone/fonts/fontawesome-webfont3295.woff]
[devitems.com/html/espone-preview/espone/fonts/fontawesome-webfont3295.ttf]
[devitems.com/html/espone-preview/espone/css/font-awesome.min.css]
[devitems.com/html/espone-preview/espone/img/icon/checkout.png]
[devitems.com/html/espone-preview/espone/fonts/fontawesome-webfont3295.svg]
[devitems.com/html/espone-preview/espone/img/icon/account.png]
[devitems.com/html/espone-preview/espone/img/icon/login.png]
[devitems.com/html/espone-preview/espone/img/icon/wishlist.png]
[devitems.com/html/espone-preview/espone/img/topcart/topcart.png]
[devitems.com/html/espone-preview/espone/img/icon/topcart.png]
[devitems.com/html/espone-preview/espone/img/topcart/btn_edit.gif]
[devitems.com/html/espone-preview/espone/img/topcart/btn_remove.png]
[devitems.com/html/espone-preview/espone/img/action/icon_cart.png]
[devitems.com/html/espone-preview/espone/img/action/icon_wishlist.png]
[devitems.com/html/espone-preview/espone/img/action/icon_compare.png]
[devitems.com/html/espone-preview/espone/img/action/icon_quickview.png]
[devitems.com/html/espone-preview/espone/img/icon/icon_cart_list.png]
[devitems.com/html/espone-preview/espone/img/icon/w2.png]
[devitems.com/html/espone-preview/espone/img/icon/facebook.png]
[devitems.com/html/espone-preview/espone/img/icon/twitter.png]
[devitems.com/html/espone-preview/espone/img/icon/pinterest.jpg]
[devitems.com/html/espone-preview/espone/img/icon/googleplus.jpg]
[devitems.com/html/espone-preview/espone/img/icon/email.jpg]
[devitems.com/html/espone-preview/espone/img/footer-img/shipping.png]
[devitems.com/html/espone-preview/espone/img/footer-img/order_online.png]
[devitems.com/html/espone-preview/espone/img/footer-img/money_back.png]
[devitems.com/html/espone-preview/espone/style.css]
[devitems.com/html/espone-preview/espone/css/responsive.css]
[devitems.com/html/espone-preview/espone/js/vendor/modernizr-2.8.3.min.js]
[devitems.com/html/espone-preview/espone/my-account.html]
[devitems.com/html/espone-preview/espone/My-wishlist.html]
[devitems.com/html/espone-preview/espone/css/fancybox/jquery.fancybox.css]
[devitems.com/html/espone-preview/espone/img/icon/payment/payment.png]
[devitems.com/html/espone-preview/espone/checkout.html]
[devitems.com/html/espone-preview/espone/img/slider/home-2/home2_slider1.jpg]
[devitems.com/html/espone-preview/espone/img/slider/home-2/home2_slider2.jpg]
[devitems.com/html/espone-preview/espone/img/banner/home-2/home2_static1.jpg]
[devitems.com/html/espone-preview/espone/img/banner/home-2/home2_static2.jpg]
[devitems.com/html/espone-preview/espone/img/banner/home-2/home2_static3.jpg]
[devitems.com/html/espone-preview/espone/img/product/product-img/6.jpg]
[devitems.com/html/espone-preview/espone/img/product/tab-product/20_1.jpg]
[devitems.com/html/espone-preview/espone/index-2.html]
[devitems.com/html/espone-preview/espone/img/slider/home-3/home3_slider1.jpg]
[devitems.com/html/espone-preview/espone/img/slider/home-3/home3_slider2.jpg]
[devitems.com/html/espone-preview/espone/img/product/product-img/3_1.jpg]
[devitems.com/html/espone-preview/espone/img/banner/home-3/home2_static1.jpg]
[devitems.com/html/espone-preview/espone/img/banner/home-3/home2_static2.jpg]
[devitems.com/html/espone-preview/espone/img/banner/home-3/home2_static3.jpg]
[devitems.com/html/espone-preview/espone/index-3.html]
[devitems.com/html/espone-preview/espone/img/slider/home-4/home4_slider1.jpg]
[devitems.com/html/espone-preview/espone/img/slider/home-4/home4_slider2.jpg]
[devitems.com/html/espone-preview/espone/img/banner/banner-home-4/home4_static1.jpg]
[devitems.com/html/espone-preview/espone/img/banner/banner-home-4/home4_static2.jpg]
[devitems.com/html/espone-preview/espone/index-4.html]
[devitems.com/html/espone-preview/espone/img/banner/headphone/banner_left.jpg]
[devitems.com/html/espone-preview/espone/img/categories/categories_img.jpg]
[devitems.com/html/espone-preview/espone/img/icon/gif-img/i_asc_arrow.gif]
[devitems.com/html/espone-preview/espone/shop.html]
[devitems.com/html/espone-preview/espone/blog.html]
[devitems.com/html/espone-preview/espone/blog-left-sidebar.html]
[devitems.com/html/espone-preview/espone/blog-right-sidebar.html]
[devitems.com/html/espone-preview/espone/blog-no-sidebar.html]
[devitems.com/html/espone-preview/espone/img/blog/single.jpg]
[devitems.com/html/espone-preview/espone/single-blog.html]
[devitems.com/html/espone-preview/espone/my-wishlist-2.html]
[devitems.com/html/espone-preview/espone/shop-left-sidebar.html]
[devitems.com/html/espone-preview/espone/shop-right-sidebar.html]
[devitems.com/html/espone-preview/espone/img/categories/22.jpg]
[devitems.com/html/espone-preview/espone/shop-no-sidebar.html]
[devitems.com/html/espone-preview/espone/css/jssocials.css]
[devitems.com/html/espone-preview/espone/css/jssocials-theme-flat.css]
[devitems.com/html/espone-preview/espone/img/avatars/1.png]
[devitems.com/html/espone-preview/espone/img/avatars/2.png]
[devitems.com/html/espone-preview/espone/img/avatars/3.png]
[devitems.com/html/espone-preview/espone/single-product.html]
[devitems.com/html/espone-preview/espone/cart.html]
[devitems.com/html/espone-preview/espone/404.html]
[devitems.com/html/espone-preview/espone/contact.html]
[devitems.com/html/espone-preview/espone/js/vendor/jquery-1.12.0.min.js]
[devitems.com/html/espone-preview/espone/js/bootstrap.min.js]
[devitems.com/html/espone-preview/espone/js/owl.carousel.min.js]
[devitems.com/html/espone-preview/espone/js/jquery.meanmenu.js]
[devitems.com/html/espone-preview/espone/js/jquery-ui.min.js]
[devitems.com/html/espone-preview/espone/slider/js/jquery.nivo.slider.js]
[devitems.com/html/espone-preview/espone/slider/home.js]
[devitems.com/html/espone-preview/espone/js/wow.min.js]
[devitems.com/html/espone-preview/espone/js/countdown.js]
[devitems.com/html/espone-preview/espone/js/jquery.fancybox.pack.js]
[devitems.com/html/espone-preview/espone/js/jquery.elevateZoom-3.0.8.min.js]
[devitems.com/html/espone-preview/espone/js/plugins.js]
[devitems.com/html/espone-preview/espone/js/main.js]
[devitems.com/html/espone-preview/espone/css/images/ui-bg_inset-hard_100_fcfdfd_1x100.html]
[devitems.com/html/espone-preview/espone/css/images/ui-bg_gloss-wave_55_5c9ccc_500x100.html]
[devitems.com/html/espone-preview/espone/css/images/ui-bg_glass_85_dfeffc_1x400.html]
[devitems.com/html/espone-preview/espone/css/images/ui-bg_glass_75_d0e5f5_1x400.html]
[devitems.com/html/espone-preview/espone/css/images/ui-bg_inset-hard_100_f5f8f9_1x100.html]
[devitems.com/html/espone-preview/espone/css/images/ui-bg_glass_95_fef1ec_1x400.html]
[devitems.com/html/espone-preview/espone/css/images/ui-icons_469bdd_256x240.html]
[devitems.com/html/espone-preview/espone/css/images/ui-icons_d8e7f3_256x240.html]
[devitems.com/html/espone-preview/espone/css/images/ui-icons_6da8d5_256x240.html]
[devitems.com/html/espone-preview/espone/css/images/ui-icons_217bc0_256x240.html]
[devitems.com/html/espone-preview/espone/css/images/ui-icons_f9bd01_256x240.html]
[devitems.com/html/espone-preview/espone/css/images/ui-icons_2e83ff_256x240.html]
[devitems.com/html/espone-preview/espone/css/images/ui-icons_cd0a0a_256x240.html]
[devitems.com/html/espone-preview/espone/css/AjaxLoader.html]
[devitems.com/html/espone-preview/espone/fonts/fontawesome-webfont3295.html]
[devitems.com/html/espone-preview/espone/fonts/fontawesome-webfont3295.svg]
[devitems.com/html/espone-preview/espone/css/fancybox/fancybox_sprite.png]
[devitems.com/html/espone-preview/espone/css/fancybox/fancybox_loading.gif]
[devitems.com/html/espone-preview/espone/css/fancybox/blank.gif]
[devitems.com/html/espone-preview/espone/css/fancybox/fancybox_overlay.png]
[devitems.com/html/espone-preview/espone/css/fancybox/fancybox_sprite@2x.png]
[devitems.com/html/espone-preview/espone/css/fancybox/fancybox_loading@2x.gif]
[devitems.com/html/espone-preview/espone/css/fancybox/jquery.fancybox.css]
[devitems.com/html/espone-preview/espone/css/jssocials.css]
[devitems.com/html/espone-preview/espone/css/jssocials-theme-flat.css]
[devitems.com/html/espone-preview/espone/Popover requires tooltip.html]
